This is XeTeX, Version 3.141592653-2.6-0.999998 (TeX Live 2026) (preloaded format=xelatex 2026.6.8)  7 JUL 2026 21:44
entering extended mode
 restricted \write18 enabled.
 %&-line parsing enabled.
**frontiers_ctg_supplementary_material.tex
(./frontiers_ctg_supplementary_material.tex
LaTeX2e <2026-06-01>
L3 programming layer <2026-05-26>
(./frontiers_suppmat.cls
Document Class: frontiers_suppmat 2017/05/01 2.2
(/mnt/e/WSL/texlive/2026/texmf-dist/tex/latex/base/inputenc.sty
Package: inputenc 2024/02/08 v1.3d Input encoding file
\inpenc@prehook=\toks17
\inpenc@posthook=\toks18


Package inputenc Warning: inputenc package ignored with utf8 based engines.

) (/mnt/e/WSL/texlive/2026/texmf-dist/tex/latex/crop/crop.sty
Package: crop 2017/11/19 1.10 crop marks (mf)

(/mnt/e/WSL/texlive/2026/texmf-dist/tex/generic/iftex/ifluatex.sty
Package: ifluatex 2019/10/25 v1.5 ifluatex legacy package. Use iftex instead.

(/mnt/e/WSL/texlive/2026/texmf-dist/tex/generic/iftex/iftex.sty
Package: iftex 2024/12/12 v1.0g TeX engine tests
))
\CROP@index=\count273

(/mnt/e/WSL/texlive/2026/texmf-dist/tex/latex/graphics/color.sty
Package: color 2026-05-17 v1.3f Standard LaTeX Color (DPC)

(/mnt/e/WSL/texlive/2026/texmf-dist/tex/latex/graphics-cfg/color.cfg
File: color.cfg 2016/01/02 v1.6 sample color configuration
)
Package color Info: Driver file: xetex.def on input line 149.

(/mnt/e/WSL/texlive/2026/texmf-dist/tex/latex/graphics-def/xetex.def
File: xetex.def 2025/11/01 v5.0p Graphics/color driver for xetex
)
(/mnt/e/WSL/texlive/2026/texmf-dist/tex/latex/graphics/mathcolor.ltx))
(/mnt/e/WSL/texlive/2026/texmf-dist/tex/latex/graphics/graphics.sty
Package: graphics 2026-05-17 v1.4h Standard LaTeX Graphics (DPC,SPQR)

(/mnt/e/WSL/texlive/2026/texmf-dist/tex/latex/graphics/trig.sty
Package: trig 2023/12/02 v1.11 sin cos tan (DPC)
)
(/mnt/e/WSL/texlive/2026/texmf-dist/tex/latex/graphics-cfg/graphics.cfg
File: graphics.cfg 2016/06/04 v1.11 sample graphics configuration
)
Package graphics Info: Driver file: xetex.def on input line 106.
)
\CROP@offset=\count274
Package crop Info: Local config file crop.cfg used on input line 622.

(/mnt/e/WSL/texlive/2026/texmf-dist/tex/xelatex/xetexconfig/crop.cfg))
==> First Aid for crop.sty applied!
(/mnt/e/WSL/texlive/2026/texmf-dist/tex/latex/graphics/graphicx.sty
Package: graphicx 2026-05-17 v1.2e Enhanced LaTeX Graphics (DPC,SPQR)

(/mnt/e/WSL/texlive/2026/texmf-dist/tex/latex/graphics/keyval.sty
Package: keyval 2026-05-17 v1.15 key=value parser (DPC)
\KV@toks@=\toks19
)
\Gin@req@height=\dimen150
\Gin@req@width=\dimen151
)
(/mnt/e/WSL/texlive/2026/texmf-dist/tex/latex/amsmath/amsmath.sty
Package: amsmath 2026/05/19 v2.18d AMS math features
\@mathmargin=\skip49

For additional information on amsmath, use the `?' option.
(/mnt/e/WSL/texlive/2026/texmf-dist/tex/latex/amsmath/amstext.sty
Package: amstext 2024/11/17 v2.01 AMS text

(/mnt/e/WSL/texlive/2026/texmf-dist/tex/latex/amsmath/amsgen.sty
File: amsgen.sty 1999/11/30 v2.0 generic functions
\@emptytoks=\toks20
\ex@=\dimen152
))
(/mnt/e/WSL/texlive/2026/texmf-dist/tex/latex/amsmath/amsbsy.sty
Package: amsbsy 1999/11/29 v1.2d Bold Symbols
\pmbraise@=\dimen153
)
(/mnt/e/WSL/texlive/2026/texmf-dist/tex/latex/amsmath/amsopn.sty
Package: amsopn 2022/04/08 v2.04 operator names
)
\inf@bad=\count275
LaTeX Info: Redefining \frac on input line 233.
\uproot@=\count276
\leftroot@=\count277
LaTeX Info: Redefining \overline on input line 398.
LaTeX Info: Redefining \colon on input line 409.
\classnum@=\count278
\DOTSCASE@=\count279
LaTeX Info: Redefining \ldots on input line 495.
LaTeX Info: Redefining \dots on input line 498.
LaTeX Info: Redefining \cdots on input line 619.
\Mathstrutbox@=\box53
\strutbox@=\box54
LaTeX Info: Redefining \big on input line 721.
LaTeX Info: Redefining \Big on input line 722.
LaTeX Info: Redefining \bigg on input line 723.
LaTeX Info: Redefining \Bigg on input line 724.
\big@size=\dimen154
LaTeX Font Info:    Redeclaring font encoding OML on input line 742.
LaTeX Font Info:    Redeclaring font encoding OMS on input line 743.
\macc@depth=\count280
LaTeX Info: Redefining \bmod on input line 904.
LaTeX Info: Redefining \pmod on input line 909.
LaTeX Info: Redefining \smash on input line 939.
LaTeX Info: Redefining \relbar on input line 969.
LaTeX Info: Redefining \Relbar on input line 970.
\c@MaxMatrixCols=\count281
\dotsspace@=\muskip17
\c@parentequation=\count282
\dspbrk@lvl=\count283
\tag@help=\toks21
\row@=\count284
\column@=\count285
\maxfields@=\count286
\andhelp@=\toks22
\eqnshift@=\dimen155
\alignsep@=\dimen156
\tagshift@=\dimen157
\tagwidth@=\dimen158
\totwidth@=\dimen159
\lineht@=\dimen160
\@envbody=\toks23
\multlinegap=\skip50
\multlinetaggap=\skip51
\mathdisplay@stack=\toks24
LaTeX Info: Redefining \[ on input line 2965.
LaTeX Info: Redefining \] on input line 2966.
)
(/mnt/e/WSL/texlive/2026/texmf-dist/tex/latex/tools/array.sty
Package: array 2026/02/24 v2.7b Tabular extension package (FMi)
\col@sep=\dimen161
\ar@mcellbox=\box55
\extrarowheight=\dimen162
\NC@list=\toks25
\extratabsurround=\skip52
\backup@length=\skip53
\ar@cellbox=\box56
)
(/mnt/e/WSL/texlive/2026/texmf-dist/tex/latex/amsfonts/amssymb.sty
Package: amssymb 2013/01/14 v3.01 AMS font symbols

(/mnt/e/WSL/texlive/2026/texmf-dist/tex/latex/amsfonts/amsfonts.sty
Package: amsfonts 2013/01/14 v3.01 Basic AMSFonts support
\symAMSa=\mathgroup4
\symAMSb=\mathgroup5
LaTeX Font Info:    Redeclaring math symbol \hbar on input line 98.
LaTeX Font Info:    Overwriting math alphabet `\mathfrak' in version `bold'
(Font)                  U/euf/m/n --> U/euf/b/n on input line 106.
))
(/mnt/e/WSL/texlive/2026/texmf-dist/tex/latex/sttools/flushend.sty
Package: flushend 2025/06/18 v4.3 Balancing columns in twocolumn mode (ST)
\flushend@@lastskip@a=\skip54
\flushend@@lastskip@b=\skip55
\flushend@@lastnode=\count287
\var@@loop@iter=\count288
\var@@temp@spread=\dimen163
\var@@temp@a=\dimen164
\var@@temp@loop=\dimen165
\flushend@@page@rule=\dimen166
\flushend@@varbox@lastpage=\box57
\flushend@@varbox@a=\box58
\flushend@@varbox@c=\box59
\flushend@@tempbox@a=\box60
\flushend@@tempbox@c=\box61
\flushend@@floatbox=\box62
\@viper=\box63
\hold@viper=\box64
\atColsBreak=\toks26
\atColsEnd=\toks27
\oldbreak@skip=\dimen167
)
(/mnt/e/WSL/texlive/2026/texmf-dist/tex/latex/sttools/stfloats.sty
Package: stfloats 2025/06/18 v3.4 Improve float mechanism and baselineskip sett
ings
\@dblbotnum=\count289
\c@dblbotnumber=\count290
)
(/mnt/e/WSL/texlive/2026/texmf-dist/tex/latex/amscls/amsthm.sty
Package: amsthm 2020/05/29 v2.20.6
\thm@style=\toks28
\thm@bodyfont=\toks29
\thm@headfont=\toks30
\thm@notefont=\toks31
\thm@headpunct=\toks32
\thm@preskip=\skip56
\thm@postskip=\skip57
\thm@headsep=\skip58
\dth@everypar=\toks33
)
(/mnt/e/WSL/texlive/2026/texmf-dist/tex/latex/changepage/chngpage.sty
Package: chngpage 2009/10/20 v1.2b change page layout
\c@cp@cnt=\count291
\c@cp@tempcnt=\count292
)
(/mnt/e/WSL/texlive/2026/texmf-dist/tex/latex/psnfss/times.sty
Package: times 2020/03/25 PSNFSS-v9.3 (SPQR) 
)
(/mnt/e/WSL/texlive/2026/texmf-dist/tex/latex/datetime/datetime.sty
Package: datetime 2015/03/20 v2.60 Date Time Package

(/mnt/e/WSL/texlive/2026/texmf-dist/tex/latex/etoolbox/etoolbox.sty
Package: etoolbox 2025/10/02 v2.5m e-TeX tools for LaTeX (JAW)
\etb@tempcnta=\count293
)
(/mnt/e/WSL/texlive/2026/texmf-dist/tex/latex/fmtcount/fmtcount.sty
Package: fmtcount 2025/12/02 v3.12 Displaying the values of LaTeX counters (NT,
VB,NE)

(/mnt/e/WSL/texlive/2026/texmf-dist/tex/latex/base/ifthen.sty
Package: ifthen 2024/03/16 v1.1e Standard LaTeX ifthen package (DPC)
)
(/mnt/e/WSL/texlive/2026/texmf-dist/tex/latex/xkeyval/xkeyval.sty
Package: xkeyval 2025/11/04 v2.10 package option processing (HA)

(/mnt/e/WSL/texlive/2026/texmf-dist/tex/generic/xkeyval/xkeyval.tex
(/mnt/e/WSL/texlive/2026/texmf-dist/tex/generic/xkeyval/xkvutils.tex
\XKV@toks=\toks34
\XKV@tempa@toks=\toks35
\XKV@tempb@toks=\toks36
)
\XKV@depth=\count294
File: xkeyval.tex 2014/12/03 v2.7a key=value parser (HA)
))
(/mnt/e/WSL/texlive/2026/texmf-dist/tex/latex/fmtcount/fcprefix.sty
Package: fcprefix 2012/09/28

(/mnt/e/WSL/texlive/2026/texmf-dist/tex/latex/fmtcount/fcnumparser.sty
Package: fcnumparser 2017/06/15
\fc@digit@counter=\count295
))
\c@padzeroesN=\count296
\fc@tmpcatcode=\count297
\@DT@modctr=\count298
\@ordinalctr=\count299
\@orgargctr=\count300
\@strctr=\count301
\@tmpstrctr=\count302
\@DT@loopN=\count303
\@DT@X=\count304
)
(/mnt/e/WSL/texlive/2026/texmf-dist/tex/latex/datetime/datetime-defaults.sty
Package: datetime-defaults 2013/09/10
)
\@day=\count305
\@month=\count306
\@year=\count307
\c@HOUR=\count308
\c@HOURXII=\count309
\c@MINUTE=\count310
\c@TOHOUR=\count311
\c@TOMINUTE=\count312
\c@SECOND=\count313
\currenthour=\count314
\currentminute=\count315
\currentsecond=\count316
Package datetime Info: No datetime.cfg file found, using default settings on in
put line 308.
\@dtctr=\count317
\dayofyear=\count318
\dayofweek=\count319
\dt@a=\toks37
\dt@b=\toks38
)
(/mnt/e/WSL/texlive/2026/texmf-dist/tex/latex/epstopdf-pkg/epstopdf.sty
Package: epstopdf 2020-01-24 v2.11 Conversion with epstopdf on the fly (HO)

(/mnt/e/WSL/texlive/2026/texmf-dist/tex/generic/infwarerr/infwarerr.sty
Package: infwarerr 2019/12/03 v1.5 Providing info/warning/error messages (HO)
)
(/mnt/e/WSL/texlive/2026/texmf-dist/tex/latex/grfext/grfext.sty
Package: grfext 2019/12/03 v1.3 Manage graphics extensions (HO)

(/mnt/e/WSL/texlive/2026/texmf-dist/tex/generic/kvdefinekeys/kvdefinekeys.sty
Package: kvdefinekeys 2019-12-19 v1.6 Define keys (HO)
)) (/mnt/e/WSL/texlive/2026/texmf-dist/tex/latex/kvoptions/kvoptions.sty
Package: kvoptions 2022-06-15 v3.15 Key value format for package options (HO)

(/mnt/e/WSL/texlive/2026/texmf-dist/tex/generic/ltxcmds/ltxcmds.sty
Package: ltxcmds 2023-12-04 v1.26 LaTeX kernel commands for general use (HO)
)
(/mnt/e/WSL/texlive/2026/texmf-dist/tex/latex/kvsetkeys/kvsetkeys.sty
Package: kvsetkeys 2022-10-05 v1.19 Key value parser (HO)
))
(/mnt/e/WSL/texlive/2026/texmf-dist/tex/generic/pdftexcmds/pdftexcmds.sty
Package: pdftexcmds 2020-06-27 v0.33 Utility functions of pdfTeX for LuaTeX (HO
)
Package pdftexcmds Info: \pdf@primitive is available.
Package pdftexcmds Info: \pdf@ifprimitive is available.
Package pdftexcmds Info: \pdfdraftmode not found.
)
(/mnt/e/WSL/texlive/2026/texmf-dist/tex/latex/epstopdf-pkg/epstopdf-base.sty
Package: epstopdf-base 2020-01-24 v2.11 Base part for package epstopdf


Package epstopdf Warning: Drivers other than `pdftex' and `luatex' are not supp
orted.

)) (/mnt/e/WSL/texlive/2026/texmf-dist/tex/latex/parskip/parskip.sty
Rollback for package 'parskip' requested -> version 'v1'.
         This corresponds to the release introduced on 2001-04-09.

(/mnt/e/WSL/texlive/2026/texmf-dist/tex/latex/parskip/parskip-2001-04-09.sty
Package: parskip 2001/04/09 non-zero parskip adjustments
))
(/mnt/e/WSL/texlive/2026/texmf-dist/tex/latex/xcolor/xcolor.sty
Package: xcolor 2024/09/29 v3.02 LaTeX color extensions (UK)

(/mnt/e/WSL/texlive/2026/texmf-dist/tex/latex/graphics-cfg/color.cfg
File: color.cfg 2016/01/02 v1.6 sample color configuration
)

Package xcolor Warning: Package option `usenames' is obsolete and ignored on in
put line 265.

Package xcolor Info: Driver file: xetex.def on input line 274.
LaTeX Info: Redefining \color on input line 762.
(/mnt/e/WSL/texlive/2026/texmf-dist/tex/latex/graphics/mathcolor.ltx)
Package xcolor Info: Model `cmy' substituted by `cmy0' on input line 1349.
Package xcolor Info: Model `RGB' extended on input line 1365.
Package xcolor Info: Model `HTML' substituted by `rgb' on input line 1367.
Package xcolor Info: Model `Hsb' substituted by `hsb' on input line 1368.
Package xcolor Info: Model `tHsb' substituted by `hsb' on input line 1369.
Package xcolor Info: Model `HSB' substituted by `hsb' on input line 1370.
Package xcolor Info: Model `Gray' substituted by `gray' on input line 1371.
Package xcolor Info: Model `wave' substituted by `hsb' on input line 1372.
)
(/mnt/e/WSL/texlive/2026/texmf-dist/tex/latex/graphics/dvipsnam.def
File: dvipsnam.def 2026-05-17 v3.0m Driver-dependent file (DPC,SPQR)
)
\c@section=\count320
\c@subsection=\count321
\c@subsubsection=\count322
\c@paragraph=\count323
\c@subparagraph=\count324
\c@figure=\count325
\c@subfigure=\count326
\c@table=\count327
\dropfromtop=\skip59
\extraspace=\skip60
\aboveskipchk=\skip61
\abovecaptionskip=\skip62
\belowcaptionskip=\skip63
\rotdimen=\dimen168
\tempdime=\dimen169
\temptbox=\box65

(/mnt/e/WSL/texlive/2026/texmf-dist/tex/latex/natbib/natbib.sty
Package: natbib 2010/09/13 8.31b (PWD, AO)
\bibhang=\skip64
\bibsep=\skip65
LaTeX Info: Redefining \cite on input line 694.
\c@NAT@ctr=\count328
))
(/mnt/e/WSL/texlive/2026/texmf-dist/tex/latex/url/url.sty
\Urlmuskip=\muskip18
Package: url 2013/09/16  ver 3.4  Verb mode for urls, etc.
)
(/mnt/e/WSL/texlive/2026/texmf-dist/tex/latex/hyperref/hyperref.sty
Package: hyperref 2026-04-24 v7.01q Hypertext links for LaTeX

(/mnt/e/WSL/texlive/2026/texmf-dist/tex/generic/pdfescape/pdfescape.sty
Package: pdfescape 2019/12/09 v1.15 Implements pdfTeX's escape features (HO)
)
(/mnt/e/WSL/texlive/2026/texmf-dist/tex/latex/hycolor/hycolor.sty
Package: hycolor 2020-01-27 v1.10 Color options for hyperref/bookmark (HO)
)
(/mnt/e/WSL/texlive/2026/texmf-dist/tex/latex/hyperref/nameref.sty
Package: nameref 2026-01-29 v2.58 Cross-referencing by name of section

(/mnt/e/WSL/texlive/2026/texmf-dist/tex/latex/refcount/refcount.sty
Package: refcount 2019/12/15 v3.6 Data extraction from label references (HO)
)
(/mnt/e/WSL/texlive/2026/texmf-dist/tex/generic/gettitlestring/gettitlestring.s
ty
Package: gettitlestring 2019/12/15 v1.6 Cleanup title references (HO)
)
\c@section@level=\count329
) (/mnt/e/WSL/texlive/2026/texmf-dist/tex/generic/stringenc/stringenc.sty
Package: stringenc 2019/11/29 v1.12 Convert strings between diff. encodings (HO
)
)
\@linkdim=\dimen170
\Hy@linkcounter=\count330
\Hy@pagecounter=\count331

(/mnt/e/WSL/texlive/2026/texmf-dist/tex/latex/hyperref/pd1enc.def
File: pd1enc.def 2026-04-24 v7.01q Hyperref: PDFDocEncoding definition (HO)
)
(/mnt/e/WSL/texlive/2026/texmf-dist/tex/generic/intcalc/intcalc.sty
Package: intcalc 2019/12/15 v1.3 Expandable calculations with integers (HO)
)
\Hy@SavedSpaceFactor=\count332

(/mnt/e/WSL/texlive/2026/texmf-dist/tex/latex/hyperref/puenc.def
File: puenc.def 2026-04-24 v7.01q Hyperref: PDF Unicode definition (HO)
)
Package hyperref Info: Hyper figures OFF on input line 4199.
Package hyperref Info: Link nesting OFF on input line 4204.
Package hyperref Info: Hyper index ON on input line 4207.
Package hyperref Info: Plain pages OFF on input line 4214.
Package hyperref Info: Backreferencing OFF on input line 4219.
Package hyperref Info: Implicit mode ON; LaTeX internals redefined.
Package hyperref Info: Bookmarks ON on input line 4466.
LaTeX Info: Redefining \href on input line 4716.
\c@Hy@tempcnt=\count333
LaTeX Info: Redefining \url on input line 4805.
\XeTeXLinkMargin=\dimen171

(/mnt/e/WSL/texlive/2026/texmf-dist/tex/generic/bitset/bitset.sty
Package: bitset 2019/12/09 v1.3 Handle bit-vector datatype (HO)

(/mnt/e/WSL/texlive/2026/texmf-dist/tex/generic/bigintcalc/bigintcalc.sty
Package: bigintcalc 2019/12/15 v1.5 Expandable calculations on big integers (HO
)
))
\Fld@menulength=\count334
\Field@Width=\dimen172
\Fld@charsize=\dimen173
Package hyperref Info: Hyper figures OFF on input line 6091.
Package hyperref Info: Link nesting OFF on input line 6096.
Package hyperref Info: Hyper index ON on input line 6099.
Package hyperref Info: backreferencing OFF on input line 6106.
Package hyperref Info: Link coloring OFF on input line 6111.
Package hyperref Info: Link coloring with OCG OFF on input line 6116.
Package hyperref Info: PDF/A mode OFF on input line 6121.
\Hy@abspage=\count335
\c@Item=\count336
\c@Hfootnote=\count337
)
Package hyperref Info: Driver (autodetected): hxetex.

(/mnt/e/WSL/texlive/2026/texmf-dist/tex/latex/hyperref/hxetex.def
File: hxetex.def 2026-04-24 v7.01q Hyperref driver for XeTeX
\pdfm@box=\box66
\c@Hy@AnnotLevel=\count338
\HyField@AnnotCount=\count339
\Fld@listcount=\count340
\c@bookmark@seq@number=\count341

(/mnt/e/WSL/texlive/2026/texmf-dist/tex/latex/rerunfilecheck/rerunfilecheck.sty
Package: rerunfilecheck 2025-06-21 v1.11 Rerun checks for auxiliary files (HO)

(/mnt/e/WSL/texlive/2026/texmf-dist/tex/generic/uniquecounter/uniquecounter.sty
Package: uniquecounter 2019/12/15 v1.4 Provide unlimited unique counter (HO)
)
Package uniquecounter Info: New unique counter `rerunfilecheck' on input line 2
84.
)
\Hy@SectionHShift=\skip66
) (/mnt/e/WSL/texlive/2026/texmf-dist/tex/latex/lineno/lineno.sty
Package: lineno 2026/03/08 line numbers on paragraphs v5.9
\linenopenalty=\count342
\output=\toks39
\linenoprevgraf=\count343
\linenumbersep=\dimen174
\linenumberwidth=\dimen175
\c@linenumber=\count344
\c@pagewiselinenumber=\count345
\c@LN@truepage=\count346
\c@internallinenumber=\count347
\c@internallinenumbers=\count348
\quotelinenumbersep=\dimen176
\bframerule=\dimen177
\bframesep=\dimen178
\bframebox=\box67
\@LN@amsmath@ams@eqpen=\count349
)
(/mnt/e/WSL/texlive/2026/texmf-dist/tex/latex/microtype/microtype.sty
Package: microtype 2026/03/01 v3.2d Micro-typographical refinements (RS)
\MT@toks=\toks40
\MT@tempbox=\box68
\MT@count=\count350
LaTeX Info: Redefining \noprotrusionifhmode on input line 1084.
LaTeX Info: Redefining \leftprotrusion on input line 1085.
\MT@prot@toks=\toks41
LaTeX Info: Redefining \rightprotrusion on input line 1104.
LaTeX Info: Redefining \textls on input line 1449.
\MT@outer@kern=\dimen179
LaTeX Info: Redefining \microtypecontext on input line 2053.
LaTeX Info: Redefining \textmicrotypecontext on input line 2070.
\MT@listname@count=\count351

(/mnt/e/WSL/texlive/2026/texmf-dist/tex/latex/microtype/microtype-xetex.def
File: microtype-xetex.def 2026/03/01 v3.2d Definitions specific to xetex (RS)
LaTeX Info: Redefining \lsstyle on input line 443.
LaTeX Info: Redefining \lslig on input line 451.
\MT@outer@space=\skip67
)
Package microtype Info: Loading configuration file microtype.cfg.

(/mnt/e/WSL/texlive/2026/texmf-dist/tex/latex/microtype/microtype.cfg
File: microtype.cfg 2026/03/01 v3.2d microtype main configuration file (RS)
)
LaTeX Info: Redefining \microtypesetup on input line 3065.
)
(/mnt/e/WSL/texlive/2026/texmf-dist/tex/latex/setspace/setspace.sty
Package: setspace 2022/12/04 v6.7b set line spacing
)
(/mnt/e/WSL/texlive/2026/texmf-dist/tex/latex/booktabs/booktabs.sty
Package: booktabs 2020/01/12 v1.61803398 Publication quality tables
\heavyrulewidth=\dimen180
\lightrulewidth=\dimen181
\cmidrulewidth=\dimen182
\belowrulesep=\dimen183
\belowbottomsep=\dimen184
\aboverulesep=\dimen185
\abovetopsep=\dimen186
\cmidrulesep=\dimen187
\cmidrulekern=\dimen188
\defaultaddspace=\dimen189
\@cmidla=\count352
\@cmidlb=\count353
\@aboverulesep=\dimen190
\@belowrulesep=\dimen191
\@thisruleclass=\count354
\@lastruleclass=\count355
\@thisrulewidth=\dimen192
)
(/mnt/e/WSL/texlive/2026/texmf-dist/tex/latex/tools/longtable.sty
Package: longtable 2026-01-28 v4.27 Multi-page Table package (DPC)
\LTleft=\skip68
\LTright=\skip69
\LTpre=\skip70
\LTpost=\skip71
\LTchunksize=\count356
\LTcapwidth=\dimen193
\LT@head=\box69
\LT@firsthead=\box70
\LT@foot=\box71
\LT@lastfoot=\box72
\LT@gbox=\box73
\LT@cols=\count357
\LT@rows=\count358
\c@LT@tables=\count359
\c@LT@chunks=\count360
\LT@p@ftn=\toks42
)
(/mnt/e/WSL/texlive/2026/texmf-dist/tex/latex/pdflscape/pdflscape.sty
Package: pdflscape 2025-06-23 v0.14 Display of landscape pages in PDF

(/mnt/e/WSL/texlive/2026/texmf-dist/tex/latex/pdflscape/pdflscape-nometadata.st
y
Package: pdflscape-nometadata 2025-06-23 v0.14 Display of landscape pages in PD
F (HO)
 (/mnt/e/WSL/texlive/2026/texmf-dist/tex/latex/graphics/lscape.sty
Package: lscape 2020/05/28 v3.02 Landscape Pages (DPC)
)
Package pdflscape Info: Auto-detected driver: dvipdfm (xetex) on input line 98.

))
LaTeX Font Info:    Trying to load font information for TU+ptm on input line 13
.
LaTeX Font Info:    No file TUptm.fd. on input line 13.


LaTeX Font Warning: Font shape `TU/ptm/m/n' undefined
(Font)              using `TU/lmr/m/n' instead on input line 13.

(/mnt/e/WSL/texlive/2026/texmf-dist/tex/latex/l3backend/l3backend-xetex.def
File: l3backend-xetex.def 2026-02-18 L3 backend support: XeTeX
\g__graphics_track_int=\count361
\g__pdfannot_backend_int=\count362
\g__pdfannot_backend_link_int=\count363
)
(./frontiers_ctg_supplementary_material.aux)
\openout1 = `frontiers_ctg_supplementary_material.aux'.

LaTeX Font Info:    Checking defaults for OML/cmm/m/it on input line 13.
LaTeX Font Info:    ... okay on input line 13.
LaTeX Font Info:    Checking defaults for OMS/cmsy/m/n on input line 13.
LaTeX Font Info:    ... okay on input line 13.
LaTeX Font Info:    Checking defaults for OT1/cmr/m/n on input line 13.
LaTeX Font Info:    ... okay on input line 13.
LaTeX Font Info:    Checking defaults for T1/cmr/m/n on input line 13.
LaTeX Font Info:    ... okay on input line 13.
LaTeX Font Info:    Checking defaults for TS1/cmr/m/n on input line 13.
LaTeX Font Info:    ... okay on input line 13.
LaTeX Font Info:    Checking defaults for TU/lmr/m/n on input line 13.
LaTeX Font Info:    ... okay on input line 13.
LaTeX Font Info:    Checking defaults for OMX/cmex/m/n on input line 13.
LaTeX Font Info:    ... okay on input line 13.
LaTeX Font Info:    Checking defaults for U/cmr/m/n on input line 13.
LaTeX Font Info:    ... okay on input line 13.
LaTeX Font Info:    Checking defaults for PD1/pdf/m/n on input line 13.
LaTeX Font Info:    ... okay on input line 13.
LaTeX Font Info:    Checking defaults for PU/pdf/m/n on input line 13.
LaTeX Font Info:    ... okay on input line 13.
Package crop Info: using `pdftex' graphics driver on input line 13.

(/mnt/e/WSL/texlive/2026/texmf-dist/tex/latex/fmtcount/fc-english.def
File: fc-english.def 2016/01/12
)
Package hyperref Info: Link coloring OFF on input line 13.

(./frontiers_ctg_supplementary_material.out)
(./frontiers_ctg_supplementary_material.out)
\@outlinefile=\write3
\openout3 = `frontiers_ctg_supplementary_material.out'.

LaTeX Info: Redefining \microtypecontext on input line 13.
Package microtype Info: Applying patch `item' on input line 13.
Package microtype Info: Applying patch `toc' on input line 13.
Package microtype Info: Applying patch `eqnum' on input line 13.


Package microtype Warning: Unable to apply patch `footnote' on input line 13.

Package microtype Info: Applying patch `verbatim' on input line 13.
LaTeX Info: Redefining \microtypesetup on input line 13.
Package microtype Info: Character protrusion enabled (level 2),
(microtype)             factor: 1500.
Package microtype Info: Using default protrusion set `alltext'.
Package microtype Info: No adjustment of tracking.
Package microtype Info: No adjustment of spacing.
Package microtype Info: No adjustment of kerning.
(/mnt/e/WSL/texlive/2026/texmf-dist/tex/latex/microtype/mt-ptm.cfg
File: mt-ptm.cfg 2006/04/20 v1.7 microtype config. file: Times (RS)
)
Package microtype Info: Loading generic protrusion settings for font family
(microtype)             `ptm' (encoding: TU).
(microtype)             For optimal results, create family-specific settings.
(microtype)             See the microtype manual for details.
LaTeX Font Info:    Trying to load font information for TU+phv on input line 20
.
LaTeX Font Info:    No file TUphv.fd. on input line 20.


LaTeX Font Warning: Font shape `TU/phv/m/n' undefined
(Font)              using `TU/lmr/m/n' instead on input line 20.


(/mnt/e/WSL/texlive/2026/texmf-dist/tex/latex/microtype/mt-LatinModernRoman.cfg
File: mt-LatinModernRoman.cfg 2026/02/26 v1.2 microtype config. file: Latin Mod
ern Roman (RS)
)
File: ./logo1.pdf Graphic file (type pdf)
<use ./logo1.pdf>

Underfull \hbox (badness 10000) detected at line 20
[]
 []


Overfull \hbox (8.53581pt too wide) in paragraph at lines 20--20
[][] 
 []

Package microtype Info: Loading generic protrusion settings for font family
(microtype)             `phv' (encoding: TU).
(microtype)             For optimal results, create family-specific settings.
(microtype)             See the microtype manual for details.

LaTeX Font Warning: Font shape `TU/phv/b/n' undefined
(Font)              using `TU/phv/m/n' instead on input line 20.


LaTeX Font Warning: Font shape `TU/phv/b/it' undefined
(Font)              using `TU/phv/b/n' instead on input line 20.

[1



]
File: figures/Supplementary_Figure_S1_model_selection_and_sensitivity.png Graph
ic file (type bmp)
<figures/Supplementary_Figure_S1_model_selection_and_sensitivity.png>


LaTeX Font Warning: Font shape `TU/ptm/b/n' undefined
(Font)              using `TU/ptm/m/n' instead on input line 30.


Underfull \hbox (badness 1178) in paragraph at lines 30--30
\TU/ptm/b/n/12 experiment. (C) Training-objective trace for a selected-architec
ture refit, showing masked
 []


Overfull \vbox (3.49998pt too high) has occurred while \output is active []


[2

]
File: figures/Supplementary_Figure_S2_external_domain_shift.png Graphic file (t
ype bmp)
<figures/Supplementary_Figure_S2_external_domain_shift.png>

Underfull \hbox (badness 2073) in paragraph at lines 38--38
[]\TU/ptm/b/n/12 Figure S2. []CTGDL-FHRMA supports external representation proj
ection and domain-shift
 []


Overfull \vbox (3.49998pt too high) has occurred while \output is active []


[3

]
File: figures/Supplementary_Figure_S3_endpoint_threshold_and_sample_size.png Gr
aphic file (type bmp)
<figures/Supplementary_Figure_S3_endpoint_threshold_and_sample_size.png>
 (/mnt/e/WSL/texlive/2026/texmf-dist/tex/latex/microtype/mt-cmr.cfg
File: mt-cmr.cfg 2013/05/19 v2.2 microtype config. file: Computer Modern Roman 
(RS)
)
LaTeX Font Info:    Trying to load font information for U+msa on input line 46.


(/mnt/e/WSL/texlive/2026/texmf-dist/tex/latex/amsfonts/umsa.fd
File: umsa.fd 2013/01/14 v3.01 AMS symbols A
)
(/mnt/e/WSL/texlive/2026/texmf-dist/tex/latex/microtype/mt-msa.cfg
File: mt-msa.cfg 2006/02/04 v1.1 microtype config. file: AMS symbols (a) (RS)
)
LaTeX Font Info:    Trying to load font information for U+msb on input line 46.


(/mnt/e/WSL/texlive/2026/texmf-dist/tex/latex/amsfonts/umsb.fd
File: umsb.fd 2013/01/14 v3.01 AMS symbols B
)
(/mnt/e/WSL/texlive/2026/texmf-dist/tex/latex/microtype/mt-msb.cfg
File: mt-msb.cfg 2005/06/01 v1.0 microtype config. file: AMS symbols (b) (RS)
)
Overfull \vbox (3.49998pt too high) has occurred while \output is active []


[4

]
Overfull \vbox (3.49998pt too high) has occurred while \output is active []


[5

]
Overfull \vbox (3.49998pt too high) has occurred while \output is active []


[6

]
Underfull \hbox (badness 10000) in alignment at lines 63--68
 [] [] [] [] [] 
 []


LaTeX Font Warning: Font shape `TU/ptm/m/it' undefined
(Font)              using `TU/ptm/m/n' instead on input line 69.


Underfull \hbox (badness 10000) in alignment at lines 68--73
 [] [] [] [] [] 
 []


Underfull \hbox (badness 10000) in alignment at lines 73--74
 [] [] [] [] [] 
 []


Underfull \hbox (badness 10000) in alignment at lines 74--76
 [] [] [] [] [] 
 []


Underfull \hbox (badness 10000) in alignment at lines 76--85
 [] [] [] [] [] 
 []


Overfull \hbox (178.0pt too wide) has occurred while \output is active
[]
 []


Overfull \vbox (3.49998pt too high) has occurred while \output is active []


Overfull \hbox (178.0pt too wide) has occurred while \output is active
[]
 []

[7

]
Underfull \hbox (badness 10000) in alignment at lines 96--101
 [] [] [] [] [] 
 []


Underfull \hbox (badness 10000) in alignment at lines 101--106
 [] [] [] [] [] 
 []


Underfull \hbox (badness 10000) in alignment at lines 106--107
 [] [] [] [] [] 
 []


Underfull \hbox (badness 10000) in alignment at lines 107--109
 [] [] [] [] [] 
 []


Underfull \hbox (badness 10000) in alignment at lines 109--118
 [] [] [] [] [] 
 []


Overfull \hbox (178.0pt too wide) has occurred while \output is active
[]
 []


Overfull \vbox (3.49998pt too high) has occurred while \output is active []


Overfull \hbox (178.0pt too wide) has occurred while \output is active
[]
 []

[8


]
Underfull \hbox (badness 10000) in alignment at lines 129--134
 [] [] [] [] 
 []


Underfull \hbox (badness 10000) in alignment at lines 134--139
 [] [] [] [] 
 []


Underfull \hbox (badness 10000) in alignment at lines 139--140
 [] [] [] [] 
 []


Underfull \hbox (badness 10000) in alignment at lines 140--142
 [] [] [] [] 
 []


Underfull \hbox (badness 10000) in alignment at lines 142--151
 [] [] [] [] 
 []


Overfull \hbox (178.0pt too wide) has occurred while \output is active
[]
 []


Overfull \vbox (3.49998pt too high) has occurred while \output is active []


Overfull \hbox (178.0pt too wide) has occurred while \output is active
[]
 []

[9


]
Overfull \vbox (3.49998pt too high) has occurred while \output is active []


[10


]
Underfull \hbox (badness 10000) in alignment at lines 168--173
 [] [] [] [] [] 
 []


Underfull \hbox (badness 10000) in alignment at lines 173--178
 [] [] [] [] [] 
 []


Underfull \hbox (badness 10000) in alignment at lines 178--179
 [] [] [] [] [] 
 []


Underfull \hbox (badness 10000) in alignment at lines 179--181
 [] [] [] [] [] 
 []


Underfull \hbox (badness 10000) in alignment at lines 181--222
 [] [] [] [] [] 
 []


Overfull \hbox (178.0pt too wide) has occurred while \output is active
[]
 []


Overfull \vbox (3.49998pt too high) has occurred while \output is active []


Overfull \hbox (178.0pt too wide) has occurred while \output is active
[]
 []

[11

]
Overfull \hbox (178.0pt too wide) has occurred while \output is active
[]
 []


Overfull \vbox (3.49998pt too high) has occurred while \output is active []


Overfull \hbox (178.0pt too wide) has occurred while \output is active
[]
 []

[12]
Underfull \hbox (badness 10000) in alignment at lines 233--238
 [] [] [] [] [] 
 []


Underfull \hbox (badness 10000) in alignment at lines 238--243
 [] [] [] [] [] 
 []


Underfull \hbox (badness 10000) in alignment at lines 243--244
 [] [] [] [] [] 
 []


Underfull \hbox (badness 10000) in alignment at lines 244--246
 [] [] [] [] [] 
 []


Underfull \hbox (badness 10000) in alignment at lines 246--287
 [] [] [] [] [] 
 []


Overfull \hbox (178.0pt too wide) has occurred while \output is active
[]
 []


Overfull \vbox (3.49998pt too high) has occurred while \output is active []


Overfull \hbox (178.0pt too wide) has occurred while \output is active
[]
 []

[13


]
Overfull \hbox (178.0pt too wide) has occurred while \output is active
[]
 []


Overfull \vbox (3.49998pt too high) has occurred while \output is active []


Overfull \hbox (178.0pt too wide) has occurred while \output is active
[]
 []

[14]
Overfull \vbox (3.49998pt too high) has occurred while \output is active []


[15


]
Underfull \hbox (badness 10000) in alignment at lines 304--309
 [] [] [] [] [] 
 []


Underfull \hbox (badness 10000) in alignment at lines 309--314
 [] [] [] [] [] 
 []


Underfull \hbox (badness 10000) in alignment at lines 314--315
 [] [] [] [] [] 
 []


Underfull \hbox (badness 10000) in alignment at lines 315--317
 [] [] [] [] [] 
 []


Underfull \hbox (badness 10000) in alignment at lines 317--327
 [] [] [] [] [] 
 []


Overfull \hbox (178.0pt too wide) has occurred while \output is active
[]
 []


Overfull \vbox (3.49998pt too high) has occurred while \output is active []


Overfull \hbox (178.0pt too wide) has occurred while \output is active
[]
 []

[16

]
Underfull \hbox (badness 10000) in alignment at lines 338--343
 [] [] [] [] 
 []


Underfull \hbox (badness 10000) in alignment at lines 343--348
 [] [] [] [] 
 []


Underfull \hbox (badness 10000) in alignment at lines 348--349
 [] [] [] [] 
 []


Underfull \hbox (badness 10000) in alignment at lines 349--351
 [] [] [] [] 
 []


Underfull \hbox (badness 10000) in alignment at lines 351--361
 [] [] [] [] 
 []


Overfull \hbox (178.0pt too wide) has occurred while \output is active
[]
 []


Overfull \vbox (3.49998pt too high) has occurred while \output is active []


Overfull \hbox (178.0pt too wide) has occurred while \output is active
[]
 []

[17


]
Underfull \hbox (badness 10000) in paragraph at lines 370--371
[]\TU/ptm/b/n/12 Complete source table: Supplementary_Table_4_dynamic_phenotype
_summary_and_
 []


Overfull \vbox (3.49998pt too high) has occurred while \output is active []


[18


]
Underfull \hbox (badness 10000) in alignment at lines 380--385
 [] [] [] [] [] 
 []


Underfull \hbox (badness 10000) in alignment at lines 385--390
 [] [] [] [] [] 
 []


Underfull \hbox (badness 10000) in alignment at lines 390--391
 [] [] [] [] [] 
 []


Underfull \hbox (badness 10000) in alignment at lines 391--393
 [] [] [] [] [] 
 []


Underfull \hbox (badness 10000) in alignment at lines 393--398
 [] [] [] [] [] 
 []


Overfull \hbox (178.0pt too wide) has occurred while \output is active
[]
 []


Overfull \vbox (3.49998pt too high) has occurred while \output is active []


Overfull \hbox (178.0pt too wide) has occurred while \output is active
[]
 []

[19

]
Underfull \hbox (badness 10000) in alignment at lines 409--414
 [] [] [] [] [] 
 []


Underfull \hbox (badness 10000) in alignment at lines 414--419
 [] [] [] [] [] 
 []


Underfull \hbox (badness 10000) in alignment at lines 419--420
 [] [] [] [] [] 
 []


Underfull \hbox (badness 10000) in alignment at lines 420--422
 [] [] [] [] [] 
 []


Underfull \hbox (badness 10000) in alignment at lines 422--427
 [] [] [] [] [] 
 []


Overfull \hbox (178.0pt too wide) has occurred while \output is active
[]
 []


Overfull \vbox (3.49998pt too high) has occurred while \output is active []


Overfull \hbox (178.0pt too wide) has occurred while \output is active
[]
 []

[20


]
Underfull \hbox (badness 10000) in alignment at lines 438--443
 [] [] [] [] [] 
 []


Underfull \hbox (badness 10000) in alignment at lines 443--448
 [] [] [] [] [] 
 []


Underfull \hbox (badness 10000) in alignment at lines 448--449
 [] [] [] [] [] 
 []


Underfull \hbox (badness 10000) in alignment at lines 449--451
 [] [] [] [] [] 
 []


Underfull \hbox (badness 10000) in alignment at lines 451--456
 [] [] [] [] [] 
 []


Overfull \hbox (178.0pt too wide) has occurred while \output is active
[]
 []


Overfull \vbox (3.49998pt too high) has occurred while \output is active []


Overfull \hbox (178.0pt too wide) has occurred while \output is active
[]
 []

[21


]
Underfull \hbox (badness 10000) in alignment at lines 467--472
 [] [] [] [] [] 
 []


Underfull \hbox (badness 10000) in alignment at lines 472--477
 [] [] [] [] [] 
 []


Underfull \hbox (badness 10000) in alignment at lines 477--478
 [] [] [] [] [] 
 []


Underfull \hbox (badness 10000) in alignment at lines 478--480
 [] [] [] [] [] 
 []


Underfull \hbox (badness 10000) in alignment at lines 480--485
 [] [] [] [] [] 
 []


Overfull \hbox (178.0pt too wide) has occurred while \output is active
[]
 []


Overfull \vbox (3.49998pt too high) has occurred while \output is active []


Overfull \hbox (178.0pt too wide) has occurred while \output is active
[]
 []

[22


]
Underfull \hbox (badness 10000) in alignment at lines 496--501
 [] [] [] [] [] 
 []


Underfull \hbox (badness 10000) in alignment at lines 501--506
 [] [] [] [] [] 
 []


Underfull \hbox (badness 10000) in alignment at lines 506--507
 [] [] [] [] [] 
 []


Underfull \hbox (badness 10000) in alignment at lines 507--509
 [] [] [] [] [] 
 []


Underfull \hbox (badness 10000) in alignment at lines 509--514
 [] [] [] [] [] 
 []


Overfull \hbox (178.0pt too wide) has occurred while \output is active
[]
 []


Overfull \vbox (3.49998pt too high) has occurred while \output is active []


Overfull \hbox (178.0pt too wide) has occurred while \output is active
[]
 []

[23


]
Underfull \hbox (badness 10000) in alignment at lines 525--530
 [] [] [] [] [] 
 []


Underfull \hbox (badness 10000) in alignment at lines 530--535
 [] [] [] [] [] 
 []


Underfull \hbox (badness 10000) in alignment at lines 535--536
 [] [] [] [] [] 
 []


Underfull \hbox (badness 10000) in alignment at lines 536--538
 [] [] [] [] [] 
 []


Underfull \hbox (badness 10000) in alignment at lines 538--543
 [] [] [] [] [] 
 []


Overfull \hbox (178.0pt too wide) has occurred while \output is active
[]
 []


Overfull \vbox (3.49998pt too high) has occurred while \output is active []


Overfull \hbox (178.0pt too wide) has occurred while \output is active
[]
 []

[24


]
Underfull \hbox (badness 10000) in alignment at lines 554--559
 [] [] [] [] [] 
 []


Underfull \hbox (badness 10000) in alignment at lines 559--564
 [] [] [] [] [] 
 []


Underfull \hbox (badness 10000) in alignment at lines 564--565
 [] [] [] [] [] 
 []


Underfull \hbox (badness 10000) in alignment at lines 565--567
 [] [] [] [] [] 
 []


Underfull \hbox (badness 10000) in alignment at lines 567--572
 [] [] [] [] [] 
 []


Overfull \hbox (178.0pt too wide) has occurred while \output is active
[]
 []


Overfull \vbox (3.49998pt too high) has occurred while \output is active []


Overfull \hbox (178.0pt too wide) has occurred while \output is active
[]
 []

[25


]
Underfull \hbox (badness 10000) in alignment at lines 583--588
 [] [] [] [] [] 
 []


Underfull \hbox (badness 10000) in alignment at lines 588--593
 [] [] [] [] [] 
 []


Underfull \hbox (badness 10000) in alignment at lines 593--594
 [] [] [] [] [] 
 []


Underfull \hbox (badness 10000) in alignment at lines 594--596
 [] [] [] [] [] 
 []


Underfull \hbox (badness 10000) in alignment at lines 596--601
 [] [] [] [] [] 
 []


Overfull \hbox (178.0pt too wide) has occurred while \output is active
[]
 []


Overfull \vbox (3.49998pt too high) has occurred while \output is active []


Overfull \hbox (178.0pt too wide) has occurred while \output is active
[]
 []

[26


]
Underfull \hbox (badness 10000) in alignment at lines 612--617
 [] [] [] [] [] 
 []


Underfull \hbox (badness 10000) in alignment at lines 617--622
 [] [] [] [] [] 
 []


Underfull \hbox (badness 10000) in alignment at lines 622--623
 [] [] [] [] [] 
 []


Underfull \hbox (badness 10000) in alignment at lines 623--625
 [] [] [] [] [] 
 []


Underfull \hbox (badness 10000) in alignment at lines 625--630
 [] [] [] [] [] 
 []


Overfull \hbox (178.0pt too wide) has occurred while \output is active
[]
 []


Overfull \vbox (3.49998pt too high) has occurred while \output is active []


Overfull \hbox (178.0pt too wide) has occurred while \output is active
[]
 []

[27


]
Underfull \hbox (badness 10000) in alignment at lines 641--646
 [] [] [] [] [] 
 []


Underfull \hbox (badness 10000) in alignment at lines 646--651
 [] [] [] [] [] 
 []


Underfull \hbox (badness 10000) in alignment at lines 651--652
 [] [] [] [] [] 
 []


Underfull \hbox (badness 10000) in alignment at lines 652--654
 [] [] [] [] [] 
 []


Underfull \hbox (badness 10000) in alignment at lines 654--659
 [] [] [] [] [] 
 []


Overfull \hbox (178.0pt too wide) has occurred while \output is active
[]
 []


Overfull \vbox (3.49998pt too high) has occurred while \output is active []


Overfull \hbox (178.0pt too wide) has occurred while \output is active
[]
 []

[28


]
Underfull \hbox (badness 10000) in alignment at lines 670--675
 [] [] [] [] [] 
 []


Underfull \hbox (badness 10000) in alignment at lines 675--680
 [] [] [] [] [] 
 []


Underfull \hbox (badness 10000) in alignment at lines 680--681
 [] [] [] [] [] 
 []


Underfull \hbox (badness 10000) in alignment at lines 681--683
 [] [] [] [] [] 
 []


Underfull \hbox (badness 10000) in alignment at lines 683--688
 [] [] [] [] [] 
 []


Overfull \hbox (178.0pt too wide) has occurred while \output is active
[]
 []


Overfull \vbox (3.49998pt too high) has occurred while \output is active []


Overfull \hbox (178.0pt too wide) has occurred while \output is active
[]
 []

[29


]
Underfull \hbox (badness 10000) in alignment at lines 699--704
 [] [] [] [] [] 
 []


Underfull \hbox (badness 10000) in alignment at lines 704--709
 [] [] [] [] [] 
 []


Underfull \hbox (badness 10000) in alignment at lines 709--710
 [] [] [] [] [] 
 []


Underfull \hbox (badness 10000) in alignment at lines 710--712
 [] [] [] [] [] 
 []


Underfull \hbox (badness 10000) in alignment at lines 712--717
 [] [] [] [] [] 
 []


Overfull \hbox (178.0pt too wide) has occurred while \output is active
[]
 []


Overfull \vbox (3.49998pt too high) has occurred while \output is active []


Overfull \hbox (178.0pt too wide) has occurred while \output is active
[]
 []

[30


]
Overfull \vbox (3.49998pt too high) has occurred while \output is active []


[31

]
Underfull \hbox (badness 10000) in alignment at lines 730--735
 [] [] [] [] [] 
 []


Underfull \hbox (badness 10000) in alignment at lines 735--740
 [] [] [] [] [] 
 []


Underfull \hbox (badness 10000) in alignment at lines 740--741
 [] [] [] [] [] 
 []


Underfull \hbox (badness 10000) in alignment at lines 741--743
 [] [] [] [] [] 
 []


Underfull \hbox (badness 10000) in alignment at lines 743--748
 [] [] [] [] [] 
 []


Overfull \hbox (178.0pt too wide) has occurred while \output is active
[]
 []


Overfull \vbox (3.49998pt too high) has occurred while \output is active []


Overfull \hbox (178.0pt too wide) has occurred while \output is active
[]
 []

[32

]
Underfull \hbox (badness 10000) in alignment at lines 759--764
 [] [] [] [] [] 
 []


Underfull \hbox (badness 10000) in alignment at lines 764--769
 [] [] [] [] [] 
 []


Underfull \hbox (badness 10000) in alignment at lines 769--770
 [] [] [] [] [] 
 []


Underfull \hbox (badness 10000) in alignment at lines 770--772
 [] [] [] [] [] 
 []


Underfull \hbox (badness 10000) in alignment at lines 772--777
 [] [] [] [] [] 
 []


Overfull \hbox (178.0pt too wide) has occurred while \output is active
[]
 []


Overfull \vbox (3.49998pt too high) has occurred while \output is active []


Overfull \hbox (178.0pt too wide) has occurred while \output is active
[]
 []

[33


]
Underfull \hbox (badness 10000) in alignment at lines 788--793
 [] [] [] [] [] 
 []


Underfull \hbox (badness 10000) in alignment at lines 793--798
 [] [] [] [] [] 
 []


Underfull \hbox (badness 10000) in alignment at lines 798--799
 [] [] [] [] [] 
 []


Underfull \hbox (badness 10000) in alignment at lines 799--801
 [] [] [] [] [] 
 []


Underfull \hbox (badness 10000) in alignment at lines 801--806
 [] [] [] [] [] 
 []


Overfull \hbox (178.0pt too wide) has occurred while \output is active
[]
 []


Overfull \vbox (3.49998pt too high) has occurred while \output is active []


Overfull \hbox (178.0pt too wide) has occurred while \output is active
[]
 []

[34


]
Underfull \hbox (badness 10000) in alignment at lines 817--822
 [] [] [] [] [] 
 []


Underfull \hbox (badness 10000) in alignment at lines 822--827
 [] [] [] [] [] 
 []


Underfull \hbox (badness 10000) in alignment at lines 827--828
 [] [] [] [] [] 
 []


Underfull \hbox (badness 10000) in alignment at lines 828--830
 [] [] [] [] [] 
 []


Underfull \hbox (badness 10000) in alignment at lines 830--835
 [] [] [] [] [] 
 []


Overfull \hbox (178.0pt too wide) has occurred while \output is active
[]
 []


Overfull \vbox (3.49998pt too high) has occurred while \output is active []


Overfull \hbox (178.0pt too wide) has occurred while \output is active
[]
 []

[35


]
Underfull \hbox (badness 10000) in alignment at lines 846--851
 [] [] [] [] [] 
 []


Underfull \hbox (badness 10000) in alignment at lines 851--856
 [] [] [] [] [] 
 []


Underfull \hbox (badness 10000) in alignment at lines 856--857
 [] [] [] [] [] 
 []


Underfull \hbox (badness 10000) in alignment at lines 857--859
 [] [] [] [] [] 
 []


Underfull \hbox (badness 10000) in alignment at lines 859--864
 [] [] [] [] [] 
 []


Overfull \hbox (178.0pt too wide) has occurred while \output is active
[]
 []


Overfull \vbox (3.49998pt too high) has occurred while \output is active []


Overfull \hbox (178.0pt too wide) has occurred while \output is active
[]
 []

[36


]
Underfull \hbox (badness 10000) in alignment at lines 875--880
 [] [] [] [] [] 
 []


Underfull \hbox (badness 10000) in alignment at lines 880--885
 [] [] [] [] [] 
 []


Underfull \hbox (badness 10000) in alignment at lines 885--886
 [] [] [] [] [] 
 []


Underfull \hbox (badness 10000) in alignment at lines 886--888
 [] [] [] [] [] 
 []


Underfull \hbox (badness 10000) in alignment at lines 888--893
 [] [] [] [] [] 
 []


Overfull \hbox (178.0pt too wide) has occurred while \output is active
[]
 []


Overfull \vbox (3.49998pt too high) has occurred while \output is active []


Overfull \hbox (178.0pt too wide) has occurred while \output is active
[]
 []

[37


]
Underfull \hbox (badness 10000) in alignment at lines 904--909
 [] [] [] [] [] 
 []


Underfull \hbox (badness 10000) in alignment at lines 909--914
 [] [] [] [] [] 
 []


Underfull \hbox (badness 10000) in alignment at lines 914--915
 [] [] [] [] [] 
 []


Underfull \hbox (badness 10000) in alignment at lines 915--917
 [] [] [] [] [] 
 []


Underfull \hbox (badness 10000) in alignment at lines 917--922
 [] [] [] [] [] 
 []


Overfull \hbox (178.0pt too wide) has occurred while \output is active
[]
 []


Overfull \vbox (3.49998pt too high) has occurred while \output is active []


Overfull \hbox (178.0pt too wide) has occurred while \output is active
[]
 []

[38


]
Underfull \hbox (badness 10000) in alignment at lines 933--938
 [] [] [] [] [] 
 []


Underfull \hbox (badness 10000) in alignment at lines 938--943
 [] [] [] [] [] 
 []


Underfull \hbox (badness 10000) in alignment at lines 943--944
 [] [] [] [] [] 
 []


Underfull \hbox (badness 10000) in alignment at lines 944--946
 [] [] [] [] [] 
 []


Underfull \hbox (badness 10000) in alignment at lines 946--951
 [] [] [] [] [] 
 []


Overfull \hbox (178.0pt too wide) has occurred while \output is active
[]
 []


Overfull \vbox (3.49998pt too high) has occurred while \output is active []


Overfull \hbox (178.0pt too wide) has occurred while \output is active
[]
 []

[39


]
Underfull \hbox (badness 10000) in alignment at lines 962--967
 [] [] [] [] [] 
 []


Underfull \hbox (badness 10000) in alignment at lines 967--972
 [] [] [] [] [] 
 []


Underfull \hbox (badness 10000) in alignment at lines 972--973
 [] [] [] [] [] 
 []


Underfull \hbox (badness 10000) in alignment at lines 973--975
 [] [] [] [] [] 
 []


Underfull \hbox (badness 10000) in alignment at lines 975--980
 [] [] [] [] [] 
 []


Overfull \hbox (178.0pt too wide) has occurred while \output is active
[]
 []


Overfull \vbox (3.49998pt too high) has occurred while \output is active []


Overfull \hbox (178.0pt too wide) has occurred while \output is active
[]
 []

[40


]
Underfull \hbox (badness 10000) in alignment at lines 991--996
 [] [] [] [] [] 
 []


Underfull \hbox (badness 10000) in alignment at lines 996--1001
 [] [] [] [] [] 
 []


Underfull \hbox (badness 10000) in alignment at lines 1001--1002
 [] [] [] [] [] 
 []


Underfull \hbox (badness 10000) in alignment at lines 1002--1004
 [] [] [] [] [] 
 []


Underfull \hbox (badness 10000) in alignment at lines 1004--1009
 [] [] [] [] [] 
 []


Overfull \hbox (178.0pt too wide) has occurred while \output is active
[]
 []


Overfull \vbox (3.49998pt too high) has occurred while \output is active []


Overfull \hbox (178.0pt too wide) has occurred while \output is active
[]
 []

[41


]
Underfull \hbox (badness 10000) in alignment at lines 1020--1025
 [] [] [] [] [] 
 []


Underfull \hbox (badness 10000) in alignment at lines 1025--1030
 [] [] [] [] [] 
 []


Underfull \hbox (badness 10000) in alignment at lines 1030--1031
 [] [] [] [] [] 
 []


Underfull \hbox (badness 10000) in alignment at lines 1031--1033
 [] [] [] [] [] 
 []


Underfull \hbox (badness 10000) in alignment at lines 1033--1038
 [] [] [] [] [] 
 []


Overfull \hbox (178.0pt too wide) has occurred while \output is active
[]
 []


Overfull \vbox (3.49998pt too high) has occurred while \output is active []


Overfull \hbox (178.0pt too wide) has occurred while \output is active
[]
 []

[42


]
Underfull \hbox (badness 10000) in alignment at lines 1049--1054
 [] [] [] [] [] 
 []


Underfull \hbox (badness 10000) in alignment at lines 1054--1059
 [] [] [] [] [] 
 []


Underfull \hbox (badness 10000) in alignment at lines 1059--1060
 [] [] [] [] [] 
 []


Underfull \hbox (badness 10000) in alignment at lines 1060--1062
 [] [] [] [] [] 
 []


Underfull \hbox (badness 10000) in alignment at lines 1062--1067
 [] [] [] [] [] 
 []


Overfull \hbox (178.0pt too wide) has occurred while \output is active
[]
 []


Overfull \vbox (3.49998pt too high) has occurred while \output is active []


Overfull \hbox (178.0pt too wide) has occurred while \output is active
[]
 []

[43


]
Underfull \hbox (badness 1629) in paragraph at lines 1076--1077
[]\TU/ptm/b/n/12 Complete source table: Supplementary_Table_5_prediction_explai
nability.csv. Rows: 48;
 []


Overfull \vbox (3.49998pt too high) has occurred while \output is active []


[44


]
Underfull \hbox (badness 10000) in alignment at lines 1086--1091
 [] [] [] [] [] 
 []


Underfull \hbox (badness 10000) in alignment at lines 1091--1096
 [] [] [] [] [] 
 []


Underfull \hbox (badness 10000) in alignment at lines 1096--1097
 [] [] [] [] [] 
 []


Underfull \hbox (badness 10000) in alignment at lines 1097--1099
 [] [] [] [] [] 
 []


Underfull \hbox (badness 10000) in alignment at lines 1099--1106
 [] [] [] [] [] 
 []


Overfull \hbox (178.0pt too wide) has occurred while \output is active
[]
 []


Overfull \vbox (3.49998pt too high) has occurred while \output is active []


Overfull \hbox (178.0pt too wide) has occurred while \output is active
[]
 []

[45

]
Underfull \hbox (badness 10000) in alignment at lines 1117--1122
 [] [] [] [] 
 []


Underfull \hbox (badness 10000) in alignment at lines 1122--1127
 [] [] [] [] 
 []


Underfull \hbox (badness 10000) in alignment at lines 1127--1128
 [] [] [] [] 
 []


Underfull \hbox (badness 10000) in alignment at lines 1128--1130
 [] [] [] [] 
 []


Underfull \hbox (badness 10000) in alignment at lines 1130--1137
 [] [] [] [] 
 []


Overfull \hbox (178.0pt too wide) has occurred while \output is active
[]
 []


Overfull \vbox (3.49998pt too high) has occurred while \output is active []


Overfull \hbox (178.0pt too wide) has occurred while \output is active
[]
 []

[46


]
Overfull \vbox (3.49998pt too high) has occurred while \output is active []


[47

]
Underfull \hbox (badness 10000) in alignment at lines 1150--1155
 [] [] [] [] [] 
 []


Underfull \hbox (badness 10000) in alignment at lines 1155--1160
 [] [] [] [] [] 
 []


Underfull \hbox (badness 10000) in alignment at lines 1160--1161
 [] [] [] [] [] 
 []


Underfull \hbox (badness 10000) in alignment at lines 1161--1163
 [] [] [] [] [] 
 []


Underfull \hbox (badness 10000) in alignment at lines 1163--1206
 [] [] [] [] [] 
 []


Overfull \hbox (178.0pt too wide) has occurred while \output is active
[]
 []


Overfull \vbox (3.49998pt too high) has occurred while \output is active []


Overfull \hbox (178.0pt too wide) has occurred while \output is active
[]
 []

[48

]
Overfull \hbox (178.0pt too wide) has occurred while \output is active
[]
 []


Overfull \vbox (3.49998pt too high) has occurred while \output is active []


Overfull \hbox (178.0pt too wide) has occurred while \output is active
[]
 []

[49]
Underfull \hbox (badness 10000) in alignment at lines 1217--1222
 [] [] [] [] [] 
 []


Underfull \hbox (badness 10000) in alignment at lines 1222--1227
 [] [] [] [] [] 
 []


Underfull \hbox (badness 10000) in alignment at lines 1227--1228
 [] [] [] [] [] 
 []


Underfull \hbox (badness 10000) in alignment at lines 1228--1230
 [] [] [] [] [] 
 []


Underfull \hbox (badness 10000) in alignment at lines 1230--1273
 [] [] [] [] [] 
 []


Overfull \hbox (178.0pt too wide) has occurred while \output is active
[]
 []


Overfull \vbox (3.49998pt too high) has occurred while \output is active []


Overfull \hbox (178.0pt too wide) has occurred while \output is active
[]
 []

[50


]
Overfull \hbox (178.0pt too wide) has occurred while \output is active
[]
 []


Overfull \vbox (3.49998pt too high) has occurred while \output is active []


Overfull \hbox (178.0pt too wide) has occurred while \output is active
[]
 []

[51]
Underfull \hbox (badness 10000) in alignment at lines 1284--1289
 [] [] [] [] 
 []


Underfull \hbox (badness 10000) in alignment at lines 1289--1294
 [] [] [] [] 
 []


Underfull \hbox (badness 10000) in alignment at lines 1294--1295
 [] [] [] [] 
 []


Underfull \hbox (badness 10000) in alignment at lines 1295--1297
 [] [] [] [] 
 []


Underfull \hbox (badness 10000) in alignment at lines 1297--1340
 [] [] [] [] 
 []


Overfull \hbox (178.0pt too wide) has occurred while \output is active
[]
 []


Overfull \vbox (3.49998pt too high) has occurred while \output is active []


Overfull \hbox (178.0pt too wide) has occurred while \output is active
[]
 []

[52


]
Overfull \hbox (178.0pt too wide) has occurred while \output is active
[]
 []


Overfull \vbox (3.49998pt too high) has occurred while \output is active []


Overfull \hbox (178.0pt too wide) has occurred while \output is active
[]
 []

[53]
Overfull \vbox (3.49998pt too high) has occurred while \output is active []


[54


]
Underfull \hbox (badness 10000) in alignment at lines 1359--1364
 [] [] [] [] [] 
 []


Underfull \hbox (badness 10000) in alignment at lines 1364--1369
 [] [] [] [] [] 
 []


Underfull \hbox (badness 10000) in alignment at lines 1369--1370
 [] [] [] [] [] 
 []


Underfull \hbox (badness 10000) in alignment at lines 1370--1372
 [] [] [] [] [] 
 []


Underfull \hbox (badness 10000) in alignment at lines 1372--1391
 [] [] [] [] [] 
 []


Overfull \hbox (178.0pt too wide) has occurred while \output is active
[]
 []


Overfull \vbox (3.49998pt too high) has occurred while \output is active []


Overfull \hbox (178.0pt too wide) has occurred while \output is active
[]
 []

[55

]
Underfull \hbox (badness 10000) in alignment at lines 1402--1407
 [] [] [] [] [] 
 []


Underfull \hbox (badness 10000) in alignment at lines 1407--1412
 [] [] [] [] [] 
 []


Underfull \hbox (badness 10000) in alignment at lines 1412--1413
 [] [] [] [] [] 
 []


Underfull \hbox (badness 10000) in alignment at lines 1413--1415
 [] [] [] [] [] 
 []


Underfull \hbox (badness 10000) in alignment at lines 1415--1434
 [] [] [] [] [] 
 []


Overfull \hbox (178.0pt too wide) has occurred while \output is active
[]
 []


Overfull \vbox (3.49998pt too high) has occurred while \output is active []


Overfull \hbox (178.0pt too wide) has occurred while \output is active
[]
 []

[56


]
Overfull \vbox (3.49998pt too high) has occurred while \output is active []


[57

]
Underfull \hbox (badness 1237) in paragraph at lines 1448--1448
[]\TU/ptm/m/it/11 Table S39: Supplementary Table 6, scenario differences,
 []


Underfull \hbox (badness 10000) in alignment at lines 1447--1452
 [] [] [] [] [] 
 []


Underfull \hbox (badness 10000) in alignment at lines 1452--1457
 [] [] [] [] [] 
 []


Underfull \hbox (badness 10000) in alignment at lines 1457--1458
 [] [] [] [] [] 
 []


Underfull \hbox (badness 10000) in alignment at lines 1458--1460
 [] [] [] [] [] 
 []


Underfull \hbox (badness 10000) in alignment at lines 1460--1482
 [] [] [] [] [] 
 []


Overfull \hbox (178.0pt too wide) has occurred while \output is active
[]
 []


Overfull \vbox (3.49998pt too high) has occurred while \output is active []


Overfull \hbox (178.0pt too wide) has occurred while \output is active
[]
 []

[58

]
Overfull \hbox (178.0pt too wide) has occurred while \output is active
[]
 []


Overfull \vbox (3.49998pt too high) has occurred while \output is active []


Overfull \hbox (178.0pt too wide) has occurred while \output is active
[]
 []

[59]
Underfull \hbox (badness 1237) in paragraph at lines 1494--1494
[]\TU/ptm/m/it/11 Table S40: Supplementary Table 6, scenario differences,
 []


Underfull \hbox (badness 10000) in alignment at lines 1493--1498
 [] [] [] [] [] 
 []


Underfull \hbox (badness 10000) in alignment at lines 1498--1503
 [] [] [] [] [] 
 []


Underfull \hbox (badness 10000) in alignment at lines 1503--1504
 [] [] [] [] [] 
 []


Underfull \hbox (badness 10000) in alignment at lines 1504--1506
 [] [] [] [] [] 
 []


Underfull \hbox (badness 10000) in alignment at lines 1506--1528
 [] [] [] [] [] 
 []


Overfull \hbox (178.0pt too wide) has occurred while \output is active
[]
 []


Overfull \vbox (3.49998pt too high) has occurred while \output is active []


Overfull \hbox (178.0pt too wide) has occurred while \output is active
[]
 []

[60


]
Overfull \hbox (178.0pt too wide) has occurred while \output is active
[]
 []


Overfull \vbox (3.49998pt too high) has occurred while \output is active []


Overfull \hbox (178.0pt too wide) has occurred while \output is active
[]
 []

[61]
Overfull \vbox (3.49998pt too high) has occurred while \output is active []


[62


]
Underfull \hbox (badness 10000) in alignment at lines 1547--1552
 [] [] [] [] [] 
 []


Underfull \hbox (badness 10000) in alignment at lines 1552--1557
 [] [] [] [] [] 
 []


Underfull \hbox (badness 10000) in alignment at lines 1557--1558
 [] [] [] [] [] 
 []


Underfull \hbox (badness 10000) in alignment at lines 1558--1560
 [] [] [] [] [] 
 []


Underfull \hbox (badness 10000) in alignment at lines 1560--1624
 [] [] [] [] [] 
 []


Overfull \hbox (178.0pt too wide) has occurred while \output is active
[]
 []


Overfull \vbox (3.49998pt too high) has occurred while \output is active []


Overfull \hbox (178.0pt too wide) has occurred while \output is active
[]
 []

[63

]
Overfull \hbox (178.0pt too wide) has occurred while \output is active
[]
 []


Overfull \vbox (3.49998pt too high) has occurred while \output is active []


Overfull \hbox (178.0pt too wide) has occurred while \output is active
[]
 []

[64]
Overfull \hbox (178.0pt too wide) has occurred while \output is active
[]
 []


Overfull \vbox (3.49998pt too high) has occurred while \output is active []


Overfull \hbox (178.0pt too wide) has occurred while \output is active
[]
 []

[65]
Underfull \hbox (badness 10000) in alignment at lines 1635--1640
 [] [] [] [] [] 
 []


Underfull \hbox (badness 10000) in alignment at lines 1640--1645
 [] [] [] [] [] 
 []


Underfull \hbox (badness 10000) in alignment at lines 1645--1646
 [] [] [] [] [] 
 []


Underfull \hbox (badness 10000) in alignment at lines 1646--1648
 [] [] [] [] [] 
 []


Underfull \hbox (badness 10000) in alignment at lines 1648--1712
 [] [] [] [] [] 
 []


Overfull \hbox (178.0pt too wide) has occurred while \output is active
[]
 []


Overfull \vbox (3.49998pt too high) has occurred while \output is active []


Overfull \hbox (178.0pt too wide) has occurred while \output is active
[]
 []

[66


]
Overfull \hbox (178.0pt too wide) has occurred while \output is active
[]
 []


Overfull \vbox (3.49998pt too high) has occurred while \output is active []


Overfull \hbox (178.0pt too wide) has occurred while \output is active
[]
 []

[67]
Overfull \hbox (178.0pt too wide) has occurred while \output is active
[]
 []


Overfull \vbox (3.49998pt too high) has occurred while \output is active []


Overfull \hbox (178.0pt too wide) has occurred while \output is active
[]
 []

[68]
Overfull \vbox (3.49998pt too high) has occurred while \output is active []


[69

]
Underfull \hbox (badness 10000) in alignment at lines 1725--1730
 [] [] [] [] [] 
 []


Underfull \hbox (badness 10000) in alignment at lines 1730--1735
 [] [] [] [] [] 
 []


Underfull \hbox (badness 10000) in alignment at lines 1735--1736
 [] [] [] [] [] 
 []


Underfull \hbox (badness 10000) in alignment at lines 1736--1738
 [] [] [] [] [] 
 []


Underfull \hbox (badness 10000) in alignment at lines 1738--1769
 [] [] [] [] [] 
 []


Overfull \hbox (178.0pt too wide) has occurred while \output is active
[]
 []


Overfull \vbox (3.49998pt too high) has occurred while \output is active []


Overfull \hbox (178.0pt too wide) has occurred while \output is active
[]
 []

[70

]
Overfull \hbox (178.0pt too wide) has occurred while \output is active
[]
 []


Overfull \vbox (3.49998pt too high) has occurred while \output is active []


Overfull \hbox (178.0pt too wide) has occurred while \output is active
[]
 []

[71]
Underfull \hbox (badness 10000) in alignment at lines 1780--1785
 [] [] [] [] 
 []


Underfull \hbox (badness 10000) in alignment at lines 1785--1790
 [] [] [] [] 
 []


Underfull \hbox (badness 10000) in alignment at lines 1790--1791
 [] [] [] [] 
 []


Underfull \hbox (badness 10000) in alignment at lines 1791--1793
 [] [] [] [] 
 []


Underfull \hbox (badness 10000) in alignment at lines 1793--1824
 [] [] [] [] 
 []


Overfull \hbox (178.0pt too wide) has occurred while \output is active
[]
 []


Overfull \vbox (3.49998pt too high) has occurred while \output is active []


Overfull \hbox (178.0pt too wide) has occurred while \output is active
[]
 []

[72


]
Overfull \hbox (178.0pt too wide) has occurred while \output is active
[]
 []


Overfull \vbox (3.49998pt too high) has occurred while \output is active []


Overfull \hbox (178.0pt too wide) has occurred while \output is active
[]
 []

[73]
Overfull \vbox (3.49998pt too high) has occurred while \output is active []


[74

]
Underfull \hbox (badness 10000) in alignment at lines 1837--1842
 [] [] [] [] 
 []


Underfull \hbox (badness 10000) in alignment at lines 1842--1847
 [] [] [] [] 
 []


Underfull \hbox (badness 10000) in alignment at lines 1847--1848
 [] [] [] [] 
 []


Underfull \hbox (badness 10000) in alignment at lines 1848--1850
 [] [] [] [] 
 []


Underfull \hbox (badness 10000) in alignment at lines 1850--1884
 [] [] [] [] 
 []


Overfull \hbox (178.0pt too wide) has occurred while \output is active
[]
 []


Overfull \vbox (3.49998pt too high) has occurred while \output is active []


Overfull \hbox (178.0pt too wide) has occurred while \output is active
[]
 []

[75

]
Overfull \hbox (178.0pt too wide) has occurred while \output is active
[]
 []


Overfull \vbox (3.49998pt too high) has occurred while \output is active []


Overfull \hbox (178.0pt too wide) has occurred while \output is active
[]
 []

[76]
Overfull \vbox (3.49998pt too high) has occurred while \output is active []


[77


]
Underfull \hbox (badness 1137) in paragraph at lines 1904--1904
[]\TU/ptm/m/it/11 Table S46: Supplementary Table 8, external embedding
 []


Underfull \hbox (badness 10000) in alignment at lines 1903--1908
 [] [] 
 []


Underfull \hbox (badness 10000) in alignment at lines 1908--1913
 [] [] 
 []


Underfull \hbox (badness 10000) in alignment at lines 1913--1914
 [] [] 
 []


Underfull \hbox (badness 10000) in alignment at lines 1914--1916
 [] [] 
 []


Underfull \hbox (badness 10000) in alignment at lines 1916--1925
 [] [] 
 []


Overfull \hbox (178.0pt too wide) has occurred while \output is active
[]
 []


Overfull \vbox (3.49998pt too high) has occurred while \output is active []


Overfull \hbox (178.0pt too wide) has occurred while \output is active
[]
 []

[78

]
Overfull \vbox (3.49998pt too high) has occurred while \output is active []


[79

]
Underfull \hbox (badness 10000) in alignment at lines 1938--1943
 [] [] 
 []


Underfull \hbox (badness 10000) in alignment at lines 1943--1948
 [] [] 
 []


Underfull \hbox (badness 10000) in alignment at lines 1948--1949
 [] [] 
 []


Underfull \hbox (badness 10000) in alignment at lines 1949--1951
 [] [] 
 []


Underfull \hbox (badness 10000) in alignment at lines 1951--1956
 [] [] 
 []


Overfull \hbox (178.0pt too wide) has occurred while \output is active
[]
 []


Overfull \vbox (3.49998pt too high) has occurred while \output is active []


Overfull \hbox (178.0pt too wide) has occurred while \output is active
[]
 []

[80

]
Overfull \vbox (3.49998pt too high) has occurred while \output is active []


[81


]
Underfull \hbox (badness 1052) in paragraph at lines 1976--1976
[]\TU/ptm/m/it/11 Table S48: Supplementary Table 9, Development model
 []


Underfull \hbox (badness 10000) in alignment at lines 1975--1980
 [] [] [] [] [] 
 []


Underfull \hbox (badness 10000) in alignment at lines 1980--1985
 [] [] [] [] [] 
 []


Underfull \hbox (badness 10000) in alignment at lines 1985--1986
 [] [] [] [] [] 
 []


Underfull \hbox (badness 10000) in alignment at lines 1986--1988
 [] [] [] [] [] 
 []


Underfull \hbox (badness 10000) in alignment at lines 1988--1997
 [] [] [] [] [] 
 []


Overfull \hbox (178.0pt too wide) has occurred while \output is active
[]
 []


Overfull \vbox (3.49998pt too high) has occurred while \output is active []


Overfull \hbox (178.0pt too wide) has occurred while \output is active
[]
 []

[82

]
Underfull \hbox (badness 1052) in paragraph at lines 2009--2009
[]\TU/ptm/m/it/11 Table S49: Supplementary Table 9, Development model
 []


Underfull \hbox (badness 10000) in alignment at lines 2008--2013
 [] [] [] [] [] 
 []


Underfull \hbox (badness 10000) in alignment at lines 2013--2018
 [] [] [] [] [] 
 []


Underfull \hbox (badness 10000) in alignment at lines 2018--2019
 [] [] [] [] [] 
 []


Underfull \hbox (badness 10000) in alignment at lines 2019--2021
 [] [] [] [] [] 
 []


Underfull \hbox (badness 10000) in alignment at lines 2021--2030
 [] [] [] [] [] 
 []


Overfull \hbox (178.0pt too wide) has occurred while \output is active
[]
 []


Overfull \vbox (3.49998pt too high) has occurred while \output is active []


Overfull \hbox (178.0pt too wide) has occurred while \output is active
[]
 []

[83


]
Underfull \hbox (badness 1052) in paragraph at lines 2042--2042
[]\TU/ptm/m/it/11 Table S50: Supplementary Table 9, Development model
 []


Underfull \hbox (badness 10000) in alignment at lines 2041--2046
 [] [] [] [] [] 
 []


Underfull \hbox (badness 10000) in alignment at lines 2046--2051
 [] [] [] [] [] 
 []


Underfull \hbox (badness 10000) in alignment at lines 2051--2052
 [] [] [] [] [] 
 []


Underfull \hbox (badness 10000) in alignment at lines 2052--2054
 [] [] [] [] [] 
 []


Underfull \hbox (badness 10000) in alignment at lines 2054--2063
 [] [] [] [] [] 
 []


Overfull \hbox (178.0pt too wide) has occurred while \output is active
[]
 []


Overfull \vbox (3.49998pt too high) has occurred while \output is active []


Overfull \hbox (178.0pt too wide) has occurred while \output is active
[]
 []

[84


]
Overfull \vbox (3.49998pt too high) has occurred while \output is active []


[85

]
Underfull \hbox (badness 10000) in alignment at lines 2076--2081
 [] [] [] [] [] 
 []


Underfull \hbox (badness 10000) in alignment at lines 2081--2086
 [] [] [] [] [] 
 []


Underfull \hbox (badness 10000) in alignment at lines 2086--2087
 [] [] [] [] [] 
 []


Underfull \hbox (badness 10000) in alignment at lines 2087--2089
 [] [] [] [] [] 
 []


Underfull \hbox (badness 10000) in alignment at lines 2089--2091
 [] [] [] [] [] 
 []


Overfull \hbox (178.0pt too wide) has occurred while \output is active
[]
 []


Overfull \vbox (3.49998pt too high) has occurred while \output is active []


Overfull \hbox (178.0pt too wide) has occurred while \output is active
[]
 []

[86

]
Underfull \hbox (badness 10000) in alignment at lines 2102--2107
 [] [] [] [] [] 
 []


Underfull \hbox (badness 10000) in alignment at lines 2107--2112
 [] [] [] [] [] 
 []


Underfull \hbox (badness 10000) in alignment at lines 2112--2113
 [] [] [] [] [] 
 []


Underfull \hbox (badness 10000) in alignment at lines 2113--2115
 [] [] [] [] [] 
 []


Underfull \hbox (badness 10000) in alignment at lines 2115--2117
 [] [] [] [] [] 
 []


Overfull \hbox (178.0pt too wide) has occurred while \output is active
[]
 []


Overfull \vbox (3.49998pt too high) has occurred while \output is active []


Overfull \hbox (178.0pt too wide) has occurred while \output is active
[]
 []

[87


]
Underfull \hbox (badness 10000) in alignment at lines 2128--2133
 [] [] [] [] [] 
 []


Underfull \hbox (badness 10000) in alignment at lines 2133--2138
 [] [] [] [] [] 
 []


Underfull \hbox (badness 10000) in alignment at lines 2138--2139
 [] [] [] [] [] 
 []


Underfull \hbox (badness 10000) in alignment at lines 2139--2141
 [] [] [] [] [] 
 []


Underfull \hbox (badness 10000) in alignment at lines 2141--2143
 [] [] [] [] [] 
 []


Overfull \hbox (178.0pt too wide) has occurred while \output is active
[]
 []


Overfull \vbox (3.49998pt too high) has occurred while \output is active []


Overfull \hbox (178.0pt too wide) has occurred while \output is active
[]
 []

[88


]
Overfull \vbox (3.49998pt too high) has occurred while \output is active []


[89

]
Underfull \hbox (badness 10000) in paragraph at lines 2157--2157
[]\TU/ptm/m/it/11 Table S54: Supplementary Table 9, dimensionality
 []


Underfull \hbox (badness 10000) in alignment at lines 2156--2161
 [] [] [] [] [] 
 []


Underfull \hbox (badness 10000) in alignment at lines 2161--2166
 [] [] [] [] [] 
 []


Underfull \hbox (badness 10000) in alignment at lines 2166--2167
 [] [] [] [] [] 
 []


Underfull \hbox (badness 10000) in alignment at lines 2167--2169
 [] [] [] [] [] 
 []


Underfull \hbox (badness 10000) in alignment at lines 2169--2177
 [] [] [] [] [] 
 []


Overfull \hbox (178.0pt too wide) has occurred while \output is active
[]
 []


Overfull \vbox (3.49998pt too high) has occurred while \output is active []


Overfull \hbox (178.0pt too wide) has occurred while \output is active
[]
 []

[90

]
Underfull \hbox (badness 10000) in paragraph at lines 2189--2189
[]\TU/ptm/m/it/11 Table S55: Supplementary Table 9, dimensionality
 []


Underfull \hbox (badness 10000) in alignment at lines 2188--2193
 [] [] [] [] [] 
 []


Underfull \hbox (badness 10000) in alignment at lines 2193--2198
 [] [] [] [] [] 
 []


Underfull \hbox (badness 10000) in alignment at lines 2198--2199
 [] [] [] [] [] 
 []


Underfull \hbox (badness 10000) in alignment at lines 2199--2201
 [] [] [] [] [] 
 []


Underfull \hbox (badness 10000) in alignment at lines 2201--2209
 [] [] [] [] [] 
 []


Overfull \hbox (178.0pt too wide) has occurred while \output is active
[]
 []


Overfull \vbox (3.49998pt too high) has occurred while \output is active []


Overfull \hbox (178.0pt too wide) has occurred while \output is active
[]
 []

[91


]
Underfull \hbox (badness 10000) in paragraph at lines 2221--2221
[]\TU/ptm/m/it/11 Table S56: Supplementary Table 9, dimensionality
 []


Underfull \hbox (badness 10000) in alignment at lines 2220--2225
 [] [] [] [] [] 
 []


Underfull \hbox (badness 10000) in alignment at lines 2225--2230
 [] [] [] [] [] 
 []


Underfull \hbox (badness 10000) in alignment at lines 2230--2231
 [] [] [] [] [] 
 []


Underfull \hbox (badness 10000) in alignment at lines 2231--2233
 [] [] [] [] [] 
 []


Underfull \hbox (badness 10000) in alignment at lines 2233--2241
 [] [] [] [] [] 
 []


Overfull \hbox (178.0pt too wide) has occurred while \output is active
[]
 []


Overfull \vbox (3.49998pt too high) has occurred while \output is active []


Overfull \hbox (178.0pt too wide) has occurred while \output is active
[]
 []

[92


]
Underfull \hbox (badness 10000) in paragraph at lines 2253--2253
[]\TU/ptm/m/it/11 Table S57: Supplementary Table 9, dimensionality
 []


Underfull \hbox (badness 10000) in alignment at lines 2252--2257
 [] [] [] [] [] 
 []


Underfull \hbox (badness 10000) in alignment at lines 2257--2262
 [] [] [] [] [] 
 []


Underfull \hbox (badness 10000) in alignment at lines 2262--2263
 [] [] [] [] [] 
 []


Underfull \hbox (badness 10000) in alignment at lines 2263--2265
 [] [] [] [] [] 
 []


Underfull \hbox (badness 10000) in alignment at lines 2265--2273
 [] [] [] [] [] 
 []


Overfull \hbox (178.0pt too wide) has occurred while \output is active
[]
 []


Overfull \vbox (3.49998pt too high) has occurred while \output is active []


Overfull \hbox (178.0pt too wide) has occurred while \output is active
[]
 []

[93


]
Overfull \vbox (3.49998pt too high) has occurred while \output is active []


[94

]
Underfull \hbox (badness 1275) in paragraph at lines 2287--2287
[]\TU/ptm/m/it/11 Table S58: Supplementary Table 9, outcome sensitivity,
 []


Underfull \hbox (badness 10000) in alignment at lines 2286--2291
 [] [] [] [] [] 
 []


Underfull \hbox (badness 10000) in alignment at lines 2291--2296
 [] [] [] [] [] 
 []


Underfull \hbox (badness 10000) in alignment at lines 2296--2297
 [] [] [] [] [] 
 []


Underfull \hbox (badness 10000) in alignment at lines 2297--2299
 [] [] [] [] [] 
 []


Underfull \hbox (badness 10000) in alignment at lines 2299--2308
 [] [] [] [] [] 
 []


Overfull \hbox (178.0pt too wide) has occurred while \output is active
[]
 []


Overfull \vbox (3.49998pt too high) has occurred while \output is active []


Overfull \hbox (178.0pt too wide) has occurred while \output is active
[]
 []

[95

]
Underfull \hbox (badness 1275) in paragraph at lines 2320--2320
[]\TU/ptm/m/it/11 Table S59: Supplementary Table 9, outcome sensitivity,
 []


Underfull \hbox (badness 10000) in alignment at lines 2319--2324
 [] [] [] [] [] 
 []


Underfull \hbox (badness 10000) in alignment at lines 2324--2329
 [] [] [] [] [] 
 []


Underfull \hbox (badness 10000) in alignment at lines 2329--2330
 [] [] [] [] [] 
 []


Underfull \hbox (badness 10000) in alignment at lines 2330--2332
 [] [] [] [] [] 
 []


Underfull \hbox (badness 10000) in alignment at lines 2332--2341
 [] [] [] [] [] 
 []


Overfull \hbox (178.0pt too wide) has occurred while \output is active
[]
 []


Overfull \vbox (3.49998pt too high) has occurred while \output is active []


Overfull \hbox (178.0pt too wide) has occurred while \output is active
[]
 []

[96


]
Underfull \hbox (badness 1275) in paragraph at lines 2353--2353
[]\TU/ptm/m/it/11 Table S60: Supplementary Table 9, outcome sensitivity,
 []


Underfull \hbox (badness 10000) in alignment at lines 2352--2357
 [] [] [] [] [] 
 []


Underfull \hbox (badness 10000) in alignment at lines 2357--2362
 [] [] [] [] [] 
 []


Underfull \hbox (badness 10000) in alignment at lines 2362--2363
 [] [] [] [] [] 
 []


Underfull \hbox (badness 10000) in alignment at lines 2363--2365
 [] [] [] [] [] 
 []


Underfull \hbox (badness 10000) in alignment at lines 2365--2374
 [] [] [] [] [] 
 []


Overfull \hbox (178.0pt too wide) has occurred while \output is active
[]
 []


Overfull \vbox (3.49998pt too high) has occurred while \output is active []


Overfull \hbox (178.0pt too wide) has occurred while \output is active
[]
 []

[97


]
Underfull \hbox (badness 1275) in paragraph at lines 2386--2386
[]\TU/ptm/m/it/11 Table S61: Supplementary Table 9, outcome sensitivity,
 []


Underfull \hbox (badness 10000) in alignment at lines 2385--2390
 [] [] [] 
 []


Underfull \hbox (badness 10000) in alignment at lines 2390--2395
 [] [] [] 
 []


Underfull \hbox (badness 10000) in alignment at lines 2395--2396
 [] [] [] 
 []


Underfull \hbox (badness 10000) in alignment at lines 2396--2398
 [] [] [] 
 []


Underfull \hbox (badness 10000) in alignment at lines 2398--2407
 [] [] [] 
 []


Overfull \hbox (178.0pt too wide) has occurred while \output is active
[]
 []


Overfull \vbox (3.49998pt too high) has occurred while \output is active []


Overfull \hbox (178.0pt too wide) has occurred while \output is active
[]
 []

[98


]
Underfull \hbox (badness 1859) in paragraph at lines 2416--2417
[]\TU/ptm/b/n/12 Complete source table: Supplementary_Table_10_TRIPOD_AI_checkl
ist.csv. Rows: 52;
 []


Overfull \vbox (3.49998pt too high) has occurred while \output is active []


[99


]
Underfull \hbox (badness 10000) in alignment at lines 2424--2429
 [] [] [] [] [] 
 []


Underfull \hbox (badness 10000) in alignment at lines 2429--2434
 [] [] [] [] [] 
 []


Underfull \hbox (badness 10000) in alignment at lines 2434--2435
 [] [] [] [] [] 
 []


Underfull \hbox (badness 10000) in alignment at lines 2435--2437
 [] [] [] [] [] 
 []


Underfull \hbox (badness 10000) in alignment at lines 2437--2490
 [] [] [] [] [] 
 []


Overfull \hbox (178.0pt too wide) has occurred while \output is active
[]
 []


Overfull \vbox (3.49998pt too high) has occurred while \output is active []


Overfull \hbox (178.0pt too wide) has occurred while \output is active
[]
 []

[100

]
Overfull \hbox (178.0pt too wide) has occurred while \output is active
[]
 []


Overfull \vbox (3.49998pt too high) has occurred while \output is active []


Overfull \hbox (178.0pt too wide) has occurred while \output is active
[]
 []

[101]
Overfull \hbox (178.0pt too wide) has occurred while \output is active
[]
 []


Overfull \vbox (3.49998pt too high) has occurred while \output is active []


Overfull \hbox (178.0pt too wide) has occurred while \output is active
[]
 []

[102]
Overfull \hbox (178.0pt too wide) has occurred while \output is active
[]
 []


Overfull \vbox (3.49998pt too high) has occurred while \output is active []


Overfull \hbox (178.0pt too wide) has occurred while \output is active
[]
 []

[103]
Overfull \hbox (178.0pt too wide) has occurred while \output is active
[]
 []


Overfull \vbox (3.49998pt too high) has occurred while \output is active []


Overfull \hbox (178.0pt too wide) has occurred while \output is active
[]
 []

[104]
Overfull \hbox (178.0pt too wide) has occurred while \output is active
[]
 []


Overfull \vbox (3.49998pt too high) has occurred while \output is active []


Overfull \hbox (178.0pt too wide) has occurred while \output is active
[]
 []

[105]
Overfull \hbox (178.0pt too wide) has occurred while \output is active
[]
 []


Overfull \vbox (3.49998pt too high) has occurred while \output is active []


Overfull \hbox (178.0pt too wide) has occurred while \output is active
[]
 []

[106]
Overfull \hbox (178.0pt too wide) has occurred while \output is active
[]
 []


Overfull \vbox (3.49998pt too high) has occurred while \output is active []


Overfull \hbox (178.0pt too wide) has occurred while \output is active
[]
 []

[107]
Overfull \vbox (3.49998pt too high) has occurred while \output is active []


[108


]
Underfull \hbox (badness 10000) in alignment at lines 2507--2512
 [] [] [] [] [] 
 []


Underfull \hbox (badness 10000) in alignment at lines 2512--2517
 [] [] [] [] [] 
 []


Underfull \hbox (badness 10000) in alignment at lines 2517--2518
 [] [] [] [] [] 
 []


Underfull \hbox (badness 10000) in alignment at lines 2518--2520
 [] [] [] [] [] 
 []


Underfull \hbox (badness 10000) in alignment at lines 2520--2549
 [] [] [] [] [] 
 []


Overfull \hbox (178.0pt too wide) has occurred while \output is active
[]
 []


Overfull \vbox (3.49998pt too high) has occurred while \output is active []


Overfull \hbox (178.0pt too wide) has occurred while \output is active
[]
 []

[109

]
Overfull \hbox (178.0pt too wide) has occurred while \output is active
[]
 []


Overfull \vbox (3.49998pt too high) has occurred while \output is active []


Overfull \hbox (178.0pt too wide) has occurred while \output is active
[]
 []

[110]
Overfull \hbox (178.0pt too wide) has occurred while \output is active
[]
 []


Overfull \vbox (3.49998pt too high) has occurred while \output is active []


Overfull \hbox (178.0pt too wide) has occurred while \output is active
[]
 []

[111] (./frontiers_ctg_supplementary_material.aux)
 ***********
LaTeX2e <2026-06-01>
L3 programming layer <2026-05-26>
 ***********


LaTeX Font Warning: Some font shapes were not available, defaults substituted.

Package rerunfilecheck Info: File `frontiers_ctg_supplementary_material.out' ha
s not changed.
(rerunfilecheck)             Checksum: D41D8CD98F00B204E9800998ECF8427E;0.
 ) 
Here is how much of TeX's memory you used:
 14587 strings out of 469354
 235536 string characters out of 5457565
 770983 words of memory out of 5000000
 43315 multiletter control sequences out of 15000+600000
 631865 words of font info for 62 fonts, out of 8000000 for 9000
 323 hyphenation exceptions out of 8191
 87i,8n,98p,1161b,558s stack positions out of 10000i,1000n,20000p,200000b,200000s

Output written on frontiers_ctg_supplementary_material.xdv (111 pages, 858416 b
ytes).
